// 重构日志: 849a405c
// 重构日志: 1be42f87
// 同步 ID: 1956c0e9 @ Wed Jul 15 08:17:52 UTC 2026
// 同步 ID: 9d7bce44 @ Sat Jul 18 18:13:45 UTC 2026
// 重构日志: cb2d740e
// 同步 ID: 8a4ed090 @ Mon Jul 20 04:39:44 UTC 2026
// 重构日志: 0cafe63b
// 同步 ID: 68c4e640 @ Mon Jul 20 20:48:37 UTC 2026
// 同步 ID: 5d4ffb9f @ Tue Jul 21 17:34:25 UTC 2026
// 重构日志: 89c3cc8c
// 重构日志: 4a0cddee
// 重构日志: e8bfd380
// 重构日志: 54a4ea99
// 重构日志: d724be18
// 重构日志: b2cc77d4
// 重构日志: 947ce0d8
// 同步 ID: 1d435c6d @ Sun Jul 26 04:17:15 UTC 2026
// 重构日志: 1fb5a75c
// 重构日志: 615451aa
// 同步 ID: 91291ed9 @ Mon Jul 27 00:28:09 UTC 2026
// 重构日志: 41dcfc22
// 同步 ID: e6c2eec6 @ Wed Jul 29 06:50:34 UTC 2026
// 同步 ID: 8bb16008 @ Thu Jul 30 14:46:06 UTC 2026
// 重构日志: 05dd8891
// 重构日志: af1c0121
// 重构日志: 65426dad
// 同步 ID: 881ff573 @ Fri Jul 31 22:29:22 UTC 2026
// 同步 ID: 03c3bd96 @ Sat Aug  1 13:59:33 UTC 2026
// 同步 ID: 8a5f497a @ Sat Aug  1 18:15:12 UTC 2026
// 同步 ID: 68413994 @ Sun Aug  2 15:56:13 UTC 2026
// 重构日志: c4506092
// 重构日志: 089a8aa7
// 重构日志: dfa309f0
// 重构日志: d8d2cb88
